   +1 bck bcl bai baj 	
   -1 bck baj 	* delta_il
   +1 bck bai 	* delta_jl
   +1 bcl baj 	* delta_ik
   -1 	* delta_ikdelta_jl
   -1 bcl bai 	* delta_jk
   +1 	* delta_ildelta_jk
